Windows PowerShell
著作權（C） Microsoft Corporation。保留擁有權利。

安裝最新的 PowerShell 以取得新功能和改進功能！https://aka.ms/PSWindows

PS C:\Users\Asus> cd C:\Users\Asus\Documents\my_env_pro2
PS C:\Users\Asus\Documents\my_env_pro2> pip freeze
blinker==1.8.2
click==8.1.7
colorama==0.4.6
Flask==3.0.3
itsdangerous==2.2.0
Jinja2==3.1.4
MarkupSafe==2.1.5
Werkzeug==3.0.3
PS C:\Users\Asus\Documents\my_env_pro2> .\.venv\Scripts\activate
(.venv) PS C:\Users\Asus\Documents\my_env_pro2> deactivate
PS C:\Users\Asus\Documents\my_env_pro2> flask --app app run
flask : 無法辨識 'flask' 詞彙是否為 Cmdlet、函數、指令檔或可執行程式的名稱。請檢查名稱拼字是否正確，如果包含路徑的話，
請確認路徑是否正確，然後再試一次。
位於 線路:1 字元:1
+ flask --app app run
+ ~~~~~
    + CategoryInfo          : ObjectNotFound: (flask:String) [], CommandNotFoundException
    + FullyQualifiedErrorId : CommandNotFoundException

PS C:\Users\Asus\Documents\my_env_pro2> .\.venv\Scripts\activate
(.venv) PS C:\Users\Asus\Documents\my_env_pro2> flask --app app run
 * Serving Flask app 'app'
 * Debug mode: off
WARNING: This is a development server. Do not use it in a production deployment. Use a production WSGI server instead.
 * Running on http://127.0.0.1:5000
Press CTRL+C to quit
127.0.0.1 - - [08/Jun/2024 11:16:18] "GET / HTTP/1.1" 200 -
(.venv) PS C:\Users\Asus\Documents\my_env_pro2> flask run
 * Debug mode: off
WARNING: This is a development server. Do not use it in a production deployment. Use a production WSGI server instead.
 * Running on http://127.0.0.1:5000
Press CTRL+C to quit
(.venv) PS C:\Users\Asus\Documents\my_env_pro2> start .
(.venv) PS C:\Users\Asus\Documents\my_env_pro2> flask run
Usage: flask run [OPTIONS]
Try 'flask run --help' for help.

Error: Could not locate a Flask application. Use the 'flask --app' option, 'FLASK_APP' environment variable, or a 'wsgi.py' or 'app.py' file in the current directory.
(.venv) PS C:\Users\Asus\Documents\my_env_pro2> flask --app hello run
 * Serving Flask app 'hello'
 * Debug mode: off
WARNING: This is a development server. Do not use it in a production deployment. Use a production WSGI server instead.
 * Running on http://127.0.0.1:5000
Press CTRL+C to quit
